// Jest Snapshot v1, https://goo.gl/fbAQLP

exports[`Button 1`] = `
<div>
  <svg
    class="zds-icon zds-icon-md zds-icon-success"
  >
    <use
      href="#zds-icon-success"
    />
  </svg>
  <svg
    class="zds-icon zds-icon-md zds-icon-error"
  >
    <use
      href="#zds-icon-error"
    />
  </svg>
  <svg
    class="zds-icon zds-icon-md zds-icon-waring"
  >
    <use
      href="#zds-icon-waring"
    />
  </svg>
</div>
`;
