// Jest Snapshot v1, https://goo.gl/fbAQLP

exports[`Modal 1`] = `
<div>
  <div
    class="zzc-dialog"
  >
    <div
      class="zzc-dialog-mask"
    />
    <div
      class="zzc-dialog-box zzc-modal-box"
    >
      <div
        class="zzc-modal-header"
      >
        标题
      </div>
      <div
        class="zzc-modal-body"
      >
        <div
          class="modal-text"
        >
          这是一个文案...
        </div>
      </div>
      <div
        class="zzc-modal-footer"
      >
        <a
          class="zzc-button zzc-button-full zzc-button-default zzc-button-noborder"
        >
          关闭
        </a>
      </div>
    </div>
  </div>
</div>
`;
