// Jest Snapshot v1, https://goo.gl/fbAQLP

exports[`Modal 1`] = `
<div
  class="zds-tabs-box zds-tabs-box-top"
>
  <div
    class="zds-tabs-bar-box"
  >
    <div
      class="zds-tabs-bar-wrap zds-tabs-bar-wrap-am"
      style="touch-action:pan-x pan-y;transform:translate3d(0, 0px, 1px);-webkit-transform:translate3d(0, 0px, 1px);-moz-transform:translate3d(0, 0px, 1px)"
    >
      <div
        class="zds-tabs-ls zds-tabs-ls-horizontal"
      >
        <div
          class="zds-tabs-ls-item zds-tabs-active"
          style="width:33.3333%"
        >
          tab 1
        </div>
        <div
          class="zds-tabs-ls-item"
          style="width:33.3333%"
        >
          tab 2
        </div>
        <div
          class="zds-tabs-ls-item"
          style="width:33.3333%"
        >
          tab 3
        </div>
        <div
          class="zds-tabs-ls-item"
          style="width:33.3333%"
        >
          tab 4
        </div>
        <div
          class="zds-tabs-ls-item"
          style="width:33.3333%"
        >
          tab 5
        </div>
        <div
          class="zds-tabs-ls-unline zds-tabs-ls-unline-top zds-tabs-ls-unline-am"
          style="width:33.3333%;transform:translate3d(0.0000%,0,0)"
        />
      </div>
    </div>
  </div>
  <div
    class="zds-tabs-content-box zds-tabs-content-box-horizontal"
  >
    <div
      class="zds-tabs-content-wrap zds-tabs-content-wrap-am"
      style="touch-action:pan-x pan-y;transform:translate3d(0, 0px, 1px);-webkit-transform:translate3d(0, 0px, 1px);-moz-transform:translate3d(0, 0px, 1px)"
    >
      <div
        class="zds-tabs-content"
      >
        <div
          class="zds-tabs-content-item"
        >
          <div
            class="item-content"
          >
            <p>
              this is 1 content
            </p>
          </div>
        </div>
        <div
          class="zds-tabs-content-item"
        >
          <div
            class="item-content"
          >
            <p>
              this is 2 content
            </p>
          </div>
        </div>
        <div
          class="zds-tabs-content-item"
        >
          <div
            class="item-content"
          >
            <p>
              this is 3 content
            </p>
          </div>
        </div>
        <div
          class="zds-tabs-content-item"
        >
          <div
            class="item-content"
          >
            <p>
              this is 4 content
            </p>
          </div>
        </div>
        <div
          class="zds-tabs-content-item"
        >
          <div
            class="item-content"
          >
            <p>
              this is 5 content
            </p>
          </div>
        </div>
      </div>
    </div>
  </div>
</div>
`;
