// Jest Snapshot v1, https://goo.gl/fbAQLP

exports[`Button 1`] = `
<div>
  <a
    class="zzc-button"
  >
    defualt
  </a>
  <a
    class="zzc-button zzc-button-main"
  >
    main
  </a>
  <a
    class="zzc-button zzc-button-main-lh"
  >
    main-lh
  </a>
  <a
    class="zzc-button zzc-button-main-dk"
  >
    main-dk
  </a>
  <a
    class="zzc-button zzc-button-sub"
  >
    sub
  </a>
  <a
    class="zzc-button zzc-button-sub-lh"
  >
    sub-lh
  </a>
  <a
    class="zzc-button zzc-button-sub-dk"
  >
    sub-dk
  </a>
  <a
    class="zzc-button zzc-button-disabled"
  >
    disabled
  </a>
  <a
    class="zzc-button zzc-button-main"
  >
    default main
  </a>
  <a
    class="zzc-button zzc-button-lg zzc-button-main"
  >
    lg main
  </a>
  <a
    class="zzc-button zzc-button-sm zzc-button-main"
  >
    sm main
  </a>
  <a
    class="zzc-button zzc-button-xs zzc-button-main"
  >
    xs main
  </a>
  <a
    class="zzc-button zzc-button-sm zzc-button-inline"
  >
    inline1
  </a>
  <a
    class="zzc-button zzc-button-sm zzc-button-main zzc-button-inline"
  >
    inline2
  </a>
  <a
    class="zzc-button zzc-button-sm zzc-button-sub zzc-button-inline"
  >
    inline3
  </a>
  <a
    class="zzc-button zzc-button-xs zzc-button-main zzc-button-inline zzc-button-ghost"
  >
    inline2
  </a>
  <a
    class="zzc-button zzc-button-xs zzc-button-sub zzc-button-inline zzc-button-ghost"
  >
    inline3
  </a>
  <a
    class="zzc-button zzc-button-full zzc-button-main"
  >
    full main
  </a>
  <a
    class="zzc-button"
    style="background:green;color:#fff"
  >
    自定义样式
  </a>
  <a
    class="zzc-button"
  >
    自定义active
  </a>
  <a
    class="zzc-button"
  >
    禁止active
  </a>
</div>
`;
